%!Adobe-FontList 1.24
%Locale:0x409

%BeginFont
Handler:DirectoryHandler
FontType:CID
FontName:SourceHanSansSC-Bold
FamilyName:Source Han Sans SC
StyleName:Bold
FullName:Source Han Sans SC Bold
MenuName:Source Han Sans SC
StyleBits:2
FamilyNameNative:思源黑体
StyleNameNative:Bold
FullNameNative:思源黑体 Bold
WritingScript:SimplifiedChinese
OutlineFileName:C:\Users\Qlement\Desktop\4D\assets\Happy 4D Assets\Happy 4D\Font\SourceHanSansSC-Bold-2.otf
DataFormat:sfntData
isCFF:yes
hasSVG:no
hasCOLR:no
VariableFontType:NonVariableFont
FileLength:17002512
FileModTime:1660226102
WeightClass:700
WidthClass:5
AngleClass:0
NameArray:0,Win,1,Source Han Sans SC
NameArray:25,Win,1,思源黑体
%EndFont

%BeginFont
Handler:DirectoryHandler
FontType:CID
FontName:SourceHanSansSC-ExtraLight
FamilyName:Source Han Sans SC
StyleName:ExtraLight
FullName:Source Han Sans SC ExtraLight
MenuName:Source Han Sans SC ExtraLight
StyleBits:0
FamilyNameNative:思源黑体
StyleNameNative:ExtraLight
FullNameNative:思源黑体 ExtraLight
WritingScript:SimplifiedChinese
OutlineFileName:C:\Users\Qlement\Desktop\4D\assets\Happy 4D Assets\Happy 4D\Font\SourceHanSansSC-ExtraLight-2.otf
DataFormat:sfntData
isCFF:yes
hasSVG:no
hasCOLR:no
VariableFontType:NonVariableFont
FileLength:14897144
FileModTime:1660226184
WeightClass:250
WidthClass:5
AngleClass:0
NameArray:0,Win,1,Source Han Sans SC ExtraLight
NameArray:0,Win,16,Source Han Sans SC
NameArray:25,Win,1,思源黑体 ExtraLight
NameArray:25,Win,16,思源黑体
%EndFont

%BeginFont
Handler:DirectoryHandler
FontType:CID
FontName:SourceHanSansSC-Heavy
FamilyName:Source Han Sans SC
StyleName:Heavy
FullName:Source Han Sans SC Heavy
MenuName:Source Han Sans SC Heavy
StyleBits:0
FamilyNameNative:思源黑体
StyleNameNative:Heavy
FullNameNative:思源黑体 Heavy
WritingScript:SimplifiedChinese
OutlineFileName:C:\Users\Qlement\Desktop\4D\assets\Happy 4D Assets\Happy 4D\Font\SourceHanSansSC-Heavy-2.otf
DataFormat:sfntData
isCFF:yes
hasSVG:no
hasCOLR:no
VariableFontType:NonVariableFont
FileLength:17798184
FileModTime:1660226506
WeightClass:900
WidthClass:5
AngleClass:0
NameArray:0,Win,1,Source Han Sans SC Heavy
NameArray:0,Win,16,Source Han Sans SC
NameArray:25,Win,1,思源黑体 Heavy
NameArray:25,Win,16,思源黑体
%EndFont

%BeginFont
Handler:DirectoryHandler
FontType:CID
FontName:SourceHanSansSC-Regular
FamilyName:Source Han Sans SC
StyleName:Regular
FullName:Source Han Sans SC
MenuName:Source Han Sans SC
StyleBits:0
FamilyNameNative:思源黑体
StyleNameNative:Regular
FullNameNative:思源黑体 Regular
WritingScript:SimplifiedChinese
OutlineFileName:C:\Users\Qlement\Desktop\4D\assets\Happy 4D Assets\Happy 4D\Font\SourceHanSansSC-Regular-2.otf
DataFormat:sfntData
isCFF:yes
hasSVG:no
hasCOLR:no
VariableFontType:NonVariableFont
FileLength:16437608
FileModTime:1660225380
WeightClass:400
WidthClass:5
AngleClass:0
NameArray:0,Win,1,Source Han Sans SC
NameArray:25,Win,1,思源黑体
%EndFont

